// Jest Snapshot v1, https://goo.gl/fbAQLP

exports[`<Loading /> should match the snapshot 1`] = `
<div
  class="Hook-loading"
>
  <div
    class="MuiCircularProgress-root-1 MuiCircularProgress-colorPrimary-4 MuiCircularProgress-indeterminate-3"
    role="progressbar"
    style="width: 40px; height: 40px;"
  >
    <svg
      class="MuiCircularProgress-svg-6"
      viewBox="22 22 44 44"
    >
      <circle
        class="MuiCircularProgress-circle-7 MuiCircularProgress-circleIndeterminate-9"
        cx="44"
        cy="44"
        fill="none"
        r="20.2"
        stroke-width="3.6"
      />
    </svg>
  </div>
</div>
`;
