// Jest Snapshot v1, https://goo.gl/fbAQLP

exports[`<NavigationDrawer /> should switch themes 1`] = `
<div
  class="MuiDrawer-root MuiDrawer-docked NavigationDrawer-drawer"
  data-testid="navigation-drawer"
>
  <div
    class="MuiPaper-root MuiPaper-elevation0 MuiDrawer-paper NavigationDrawer-drawerPaper MuiDrawer-paperAnchorLeft MuiDrawer-paperAnchorDockedLeft"
    direction="right"
  >
    <div
      class="Component-loading"
    >
      <div
        class="MuiCircularProgress-root MuiCircularProgress-colorPrimary MuiCircularProgress-indeterminate"
        role="progressbar"
        style="width: 40px; height: 40px;"
      >
        <svg
          class="MuiCircularProgress-svg"
          viewBox="22 22 44 44"
        >
          <circle
            class="MuiCircularProgress-circle MuiCircularProgress-circleIndeterminate"
            cx="44"
            cy="44"
            fill="none"
            r="20.2"
            stroke-width="3.6"
          />
        </svg>
      </div>
    </div>
  </div>
</div>
`;

exports[`<NavigationDrawer /> should switch themes 2`] = `
<div
  class="MuiDrawer-root MuiDrawer-docked NavigationDrawer-drawer"
  data-testid="navigation-drawer"
>
  <div
    class="MuiPaper-root MuiPaper-elevation0 MuiDrawer-paper NavigationDrawer-drawerPaper MuiDrawer-paperAnchorLeft MuiDrawer-paperAnchorDockedLeft"
    direction="right"
  >
    <div
      class="Component-loading"
    >
      <div
        class="MuiCircularProgress-root MuiCircularProgress-colorPrimary MuiCircularProgress-indeterminate"
        role="progressbar"
        style="width: 40px; height: 40px;"
      >
        <svg
          class="MuiCircularProgress-svg"
          viewBox="22 22 44 44"
        >
          <circle
            class="MuiCircularProgress-circle MuiCircularProgress-circleIndeterminate"
            cx="44"
            cy="44"
            fill="none"
            r="20.2"
            stroke-width="3.6"
          />
        </svg>
      </div>
    </div>
  </div>
</div>
`;
